
==========================================================================
02_cve2_register_file_ff.gpl2 check_setup
--------------------------------------------------------------------------
1

==========================================================================
02_cve2_register_file_ff.gpl2 report_tns
--------------------------------------------------------------------------
tns 0.00

==========================================================================
02_cve2_register_file_ff.gpl2 report_wns
--------------------------------------------------------------------------
wns 0.00

==========================================================================
02_cve2_register_file_ff.gpl2 report_worst_slack
--------------------------------------------------------------------------
worst slack 4.29

==========================================================================
02_cve2_register_file_ff.gpl2 report_checks -path_delay min
--------------------------------------------------------------------------
Startpoint: rf_reg[204]_reg (rising edge-triggered flip-flop clocked by clk_sys)
Endpoint: rf_reg[204]_reg (rising edge-triggered flip-flop clocked by clk_sys)
Path Group: clk_sys
Path Type: min
Corner: ff

Fanout     Cap    Slew   Delay    Time   Description
-----------------------------------------------------------------------------
                  0.20    0.00    0.00   clock clk_sys (rise edge)
                          0.00    0.00   clock network delay (ideal)
                  0.20    0.00    0.00 ^ rf_reg[204]_reg/CLK (sg13g2_dfrbp_1)
     3    0.00    0.01    0.18    0.18 v rf_reg[204]_reg/Q (sg13g2_dfrbp_1)
                                         rf_reg[204] (net)
                  0.01    0.00    0.18 v _7120_/A0 (sg13g2_mux2_1)
     1    0.00    0.02    0.06    0.25 v _7120_/X (sg13g2_mux2_1)
                                         _0128_ (net)
                  0.02    0.00    0.25 v rf_reg[204]_reg/D (sg13g2_dfrbp_1)
                                  0.25   data arrival time

                  0.20    0.00    0.00   clock clk_sys (rise edge)
                          0.00    0.00   clock network delay (ideal)
                          0.10    0.10   clock uncertainty
                          0.00    0.10   clock reconvergence pessimism
                                  0.10 ^ rf_reg[204]_reg/CLK (sg13g2_dfrbp_1)
                          0.01    0.11   library hold time
                                  0.11   data required time
-----------------------------------------------------------------------------
                                  0.11   data required time
                                 -0.25   data arrival time
-----------------------------------------------------------------------------
                                  0.14   slack (MET)



==========================================================================
02_cve2_register_file_ff.gpl2 report_checks -path_delay max
--------------------------------------------------------------------------
Startpoint: raddr_a_i[1] (input port clocked by clk_sys)
Endpoint: rdata_a_o[4] (output port clocked by clk_sys)
Path Group: clk_sys
Path Type: max
Corner: tt

Fanout     Cap    Slew   Delay    Time   Description
-----------------------------------------------------------------------------
                  0.20    0.00    0.00   clock clk_sys (rise edge)
                          0.00    0.00   clock network delay (ideal)
                          2.00    2.00 v input external delay
   132    0.78    0.00    0.00    2.00 v raddr_a_i[1] (in)
                                         raddr_a_i[1] (net)
                  0.04    0.02    2.02 v _4877_/A (sg13g2_and2_1)
     1    0.00    0.03    0.08    2.10 v _4877_/X (sg13g2_and2_1)
                                         _0993_ (net)
                  0.03    0.00    2.10 v fanout290/A (sg13g2_buf_4)
     4    0.04    0.05    0.10    2.20 v fanout290/X (sg13g2_buf_4)
                                         net290 (net)
                  0.05    0.00    2.20 v fanout282/A (sg13g2_buf_2)
     4    0.03    0.06    0.12    2.31 v fanout282/X (sg13g2_buf_2)
                                         net282 (net)
                  0.06    0.00    2.31 v fanout279/A (sg13g2_buf_2)
     4    0.04    0.07    0.13    2.45 v fanout279/X (sg13g2_buf_2)
                                         net279 (net)
                  0.07    0.00    2.45 v fanout275/A (sg13g2_buf_4)
     8    0.04    0.04    0.11    2.56 v fanout275/X (sg13g2_buf_4)
                                         net275 (net)
                  0.04    0.00    2.56 v _5558_/A1 (sg13g2_a22oi_1)
     1    0.01    0.07    0.08    2.65 ^ _5558_/Y (sg13g2_a22oi_1)
                                         _1654_ (net)
                  0.07    0.00    2.65 ^ _5563_/A1 (sg13g2_a21oi_2)
     1    0.02    0.07    0.09    2.74 v _5563_/Y (sg13g2_a21oi_2)
                                         _1659_ (net)
                  0.07    0.00    2.74 v _5564_/C1 (sg13g2_a221oi_1)
     1    0.01    0.19    0.17    2.91 ^ _5564_/Y (sg13g2_a221oi_1)
                                         _1660_ (net)
                  0.19    0.00    2.91 ^ _5565_/C (sg13g2_nand3_1)
     1    0.51    4.17    3.15    6.07 v _5565_/Y (sg13g2_nand3_1)
                                         rdata_a_o[4] (net)
                  4.17    0.04    6.11 v rdata_a_o[4] (out)
                                  6.11   data arrival time

                  0.20   12.50   12.50   clock clk_sys (rise edge)
                          0.00   12.50   clock network delay (ideal)
                         -0.10   12.40   clock uncertainty
                          0.00   12.40   clock reconvergence pessimism
                         -2.00   10.40   output external delay
                                 10.40   data required time
-----------------------------------------------------------------------------
                                 10.40   data required time
                                 -6.11   data arrival time
-----------------------------------------------------------------------------
                                  4.29   slack (MET)



==========================================================================
02_cve2_register_file_ff.gpl2 report_checks -unconstrained
--------------------------------------------------------------------------
Startpoint: raddr_a_i[1] (input port clocked by clk_sys)
Endpoint: rdata_a_o[4] (output port clocked by clk_sys)
Path Group: clk_sys
Path Type: max
Corner: tt

Fanout     Cap    Slew   Delay    Time   Description
-----------------------------------------------------------------------------
                  0.20    0.00    0.00   clock clk_sys (rise edge)
                          0.00    0.00   clock network delay (ideal)
                          2.00    2.00 v input external delay
   132    0.78    0.00    0.00    2.00 v raddr_a_i[1] (in)
                                         raddr_a_i[1] (net)
                  0.04    0.02    2.02 v _4877_/A (sg13g2_and2_1)
     1    0.00    0.03    0.08    2.10 v _4877_/X (sg13g2_and2_1)
                                         _0993_ (net)
                  0.03    0.00    2.10 v fanout290/A (sg13g2_buf_4)
     4    0.04    0.05    0.10    2.20 v fanout290/X (sg13g2_buf_4)
                                         net290 (net)
                  0.05    0.00    2.20 v fanout282/A (sg13g2_buf_2)
     4    0.03    0.06    0.12    2.31 v fanout282/X (sg13g2_buf_2)
                                         net282 (net)
                  0.06    0.00    2.31 v fanout279/A (sg13g2_buf_2)
     4    0.04    0.07    0.13    2.45 v fanout279/X (sg13g2_buf_2)
                                         net279 (net)
                  0.07    0.00    2.45 v fanout275/A (sg13g2_buf_4)
     8    0.04    0.04    0.11    2.56 v fanout275/X (sg13g2_buf_4)
                                         net275 (net)
                  0.04    0.00    2.56 v _5558_/A1 (sg13g2_a22oi_1)
     1    0.01    0.07    0.08    2.65 ^ _5558_/Y (sg13g2_a22oi_1)
                                         _1654_ (net)
                  0.07    0.00    2.65 ^ _5563_/A1 (sg13g2_a21oi_2)
     1    0.02    0.07    0.09    2.74 v _5563_/Y (sg13g2_a21oi_2)
                                         _1659_ (net)
                  0.07    0.00    2.74 v _5564_/C1 (sg13g2_a221oi_1)
     1    0.01    0.19    0.17    2.91 ^ _5564_/Y (sg13g2_a221oi_1)
                                         _1660_ (net)
                  0.19    0.00    2.91 ^ _5565_/C (sg13g2_nand3_1)
     1    0.51    4.17    3.15    6.07 v _5565_/Y (sg13g2_nand3_1)
                                         rdata_a_o[4] (net)
                  4.17    0.04    6.11 v rdata_a_o[4] (out)
                                  6.11   data arrival time

                  0.20   12.50   12.50   clock clk_sys (rise edge)
                          0.00   12.50   clock network delay (ideal)
                         -0.10   12.40   clock uncertainty
                          0.00   12.40   clock reconvergence pessimism
                         -2.00   10.40   output external delay
                                 10.40   data required time
-----------------------------------------------------------------------------
                                 10.40   data required time
                                 -6.11   data arrival time
-----------------------------------------------------------------------------
                                  4.29   slack (MET)



==========================================================================
02_cve2_register_file_ff.gpl2 report_check_types -max_slew -max_cap -max_fanout -violators
--------------------------------------------------------------------------

==========================================================================
02_cve2_register_file_ff.gpl2 max_slew_check_slack
--------------------------------------------------------------------------
-1.7436484098434448

==========================================================================
02_cve2_register_file_ff.gpl2 max_slew_check_limit
--------------------------------------------------------------------------
2.5074000358581543

==========================================================================
02_cve2_register_file_ff.gpl2 max_slew_check_slack_limit
--------------------------------------------------------------------------
-0.6954

==========================================================================
02_cve2_register_file_ff.gpl2 max_fanout_check_slack
--------------------------------------------------------------------------
0.0

==========================================================================
02_cve2_register_file_ff.gpl2 max_fanout_check_limit
--------------------------------------------------------------------------
8.0

==========================================================================
02_cve2_register_file_ff.gpl2 max_fanout_check_slack_limit
--------------------------------------------------------------------------
0.0000

==========================================================================
02_cve2_register_file_ff.gpl2 max_capacitance_check_slack
--------------------------------------------------------------------------
-0.22388111054897308

==========================================================================
02_cve2_register_file_ff.gpl2 max_capacitance_check_limit
--------------------------------------------------------------------------
0.30000001192092896

==========================================================================
02_cve2_register_file_ff.gpl2 max_capacitance_check_slack_limit
--------------------------------------------------------------------------
-0.7463

==========================================================================
02_cve2_register_file_ff.gpl2 max_slew_violation_count
--------------------------------------------------------------------------
max slew violation count 64

==========================================================================
02_cve2_register_file_ff.gpl2 max_fanout_violation_count
--------------------------------------------------------------------------
max fanout violation count 0

==========================================================================
02_cve2_register_file_ff.gpl2 max_cap_violation_count
--------------------------------------------------------------------------
max cap violation count 64

==========================================================================
02_cve2_register_file_ff.gpl2 setup_violation_count
--------------------------------------------------------------------------
setup violation count 0

==========================================================================
02_cve2_register_file_ff.gpl2 hold_violation_count
--------------------------------------------------------------------------
hold violation count 0

==========================================================================
02_cve2_register_file_ff.gpl2 critical path delay
--------------------------------------------------------------------------
6.1076

==========================================================================
02_cve2_register_file_ff.gpl2 critical path slack
--------------------------------------------------------------------------
4.2924

==========================================================================
02_cve2_register_file_ff.gpl2 slack div critical path delay
--------------------------------------------------------------------------
70.279652

==========================================================================
02_cve2_register_file_ff.gpl2 report_power tt
--------------------------------------------------------------------------
Group                  Internal  Switching    Leakage      Total
                          Power      Power      Power      Power (Watts)
----------------------------------------------------------------
Sequential             6.36e-03   3.35e-04   5.25e-07   6.70e-03  72.7%
Combinational          1.20e-03   1.31e-03   7.03e-07   2.52e-03  27.3%
Clock                  0.00e+00   0.00e+00   0.00e+00   0.00e+00   0.0%
Macro                  0.00e+00   0.00e+00   0.00e+00   0.00e+00   0.0%
Pad                    0.00e+00   0.00e+00   0.00e+00   0.00e+00   0.0%
----------------------------------------------------------------
Total                  7.56e-03   1.65e-03   1.23e-06   9.21e-03 100.0%
                          82.1%      17.9%       0.0%

==========================================================================
02_cve2_register_file_ff.gpl2 report_design_area
--------------------------------------------------------------------------

==========================================================================
02_cve2_register_file_ff.gpl2 area by hierarchy
--------------------------------------------------------------------------

--------------------------------------------------------------------------------
Design Area Summary
--------------------------------------------------------------------------------
Die Area:              168100.0 um2
Core Area:             158505.984 um2
Total Area:            96620.4288 um2
Total Active Area:     96620.4288 um2

Core Utilization:      0.609569597069597
Std Cell Utilization:  0.609569597069597

--------------------------------------------------------------------------------
Hierarchical Area Report
--------------------------------------------------------------------------------
                                                                                Global Area (um^2)                                                              Global Instances                                                                Local Area (um^2)                                                               Local Instances
                                                                                ------------------------------------------------------------------------------- ------------------------------------------------------------------------------- ------------------------------------------------------------------------------- ----------------------------------------------------------------------------
Hierarchy Name                                                                  Total           StdCell         Macro           Cover           Pad             Total           StdCell         Macro           Cover           Pad             Total           StdCell         Macro           Cover           Pad             Total           StdCell         Macro           Cover           Pad             
-----------------------------------------------------------------------------------------------------------------------------------------------------------------------------------------------------------------------------------------------------------------------------------------------------------------------------------------------------------------------------------------------------------
<top>                                                                           96620.429       96620.429       0.000           0.000           0.000           4130            4130            0               0               0               96620.429       96620.429       0.000           0.000           0.000           4130            4130            0               0               0               
