
==========================================================================
02_timer_unit.gpl2 check_setup
--------------------------------------------------------------------------
1

==========================================================================
02_timer_unit.gpl2 report_tns
--------------------------------------------------------------------------
tns 0.00

==========================================================================
02_timer_unit.gpl2 report_wns
--------------------------------------------------------------------------
wns 0.00

==========================================================================
02_timer_unit.gpl2 report_worst_slack
--------------------------------------------------------------------------
worst slack 4.69

==========================================================================
02_timer_unit.gpl2 report_checks -path_delay min
--------------------------------------------------------------------------
Startpoint: s_ref_clk0_reg (rising edge-triggered flip-flop clocked by clk_sys)
Endpoint: s_ref_clk1_reg (rising edge-triggered flip-flop clocked by clk_sys)
Path Group: clk_sys
Path Type: min
Corner: ff

Fanout     Cap    Slew   Delay    Time   Description
-----------------------------------------------------------------------------
                  0.20    0.00    0.00   clock clk_sys (rise edge)
                          0.00    0.00   clock network delay (ideal)
                  0.20    0.00    0.00 ^ s_ref_clk0_reg/CLK (sg13g2_dfrbp_1)
     1    0.00    0.01    0.18    0.18 v s_ref_clk0_reg/Q (sg13g2_dfrbp_1)
                                         s_ref_clk0 (net)
                  0.01    0.00    0.18 v s_ref_clk1_reg/D (sg13g2_dfrbp_1)
                                  0.18   data arrival time

                  0.20    0.00    0.00   clock clk_sys (rise edge)
                          0.00    0.00   clock network delay (ideal)
                          0.10    0.10   clock uncertainty
                          0.00    0.10   clock reconvergence pessimism
                                  0.10 ^ s_ref_clk1_reg/CLK (sg13g2_dfrbp_1)
                          0.01    0.11   library hold time
                                  0.11   data required time
-----------------------------------------------------------------------------
                                  0.11   data required time
                                 -0.18   data arrival time
-----------------------------------------------------------------------------
                                  0.07   slack (MET)



==========================================================================
02_timer_unit.gpl2 report_checks -path_delay max
--------------------------------------------------------------------------
Startpoint: r_valid_o_reg (rising edge-triggered flip-flop clocked by clk_sys)
Endpoint: r_rdata_o[31] (output port clocked by clk_sys)
Path Group: clk_sys
Path Type: max
Corner: tt

Fanout     Cap    Slew   Delay    Time   Description
-----------------------------------------------------------------------------
                  0.20    0.00    0.00 ^ r_valid_o_reg/CLK (sg13g2_dfrbp_2)
     2    0.51    1.04    1.01    1.01 ^ r_valid_o_reg/Q (sg13g2_dfrbp_2)
                                         r_valid_o (net)
                  1.04    0.00    1.01 ^ _2552_/A (sg13g2_nand3_1)
     1    0.00    0.18    0.21    1.22 v _2552_/Y (sg13g2_nand3_1)
                                         _0727_ (net)
                  0.18    0.00    1.22 v _2553_/B (sg13g2_nor2_1)
     1    0.00    0.08    0.09    1.31 ^ _2553_/Y (sg13g2_nor2_1)
                                         _0728_ (net)
                  0.08    0.00    1.31 ^ _2554_/B1 (sg13g2_o21ai_1)
     1    0.00    0.05    0.07    1.38 v _2554_/Y (sg13g2_o21ai_1)
                                         _0729_ (net)
                  0.05    0.00    1.38 v fanout25/A (sg13g2_buf_2)
     5    0.03    0.06    0.11    1.49 v fanout25/X (sg13g2_buf_2)
                                         net25 (net)
                  0.06    0.00    1.49 v fanout24/A (sg13g2_buf_4)
     8    0.05    0.05    0.11    1.60 v fanout24/X (sg13g2_buf_4)
                                         net24 (net)
                  0.05    0.00    1.60 v fanout23/A (sg13g2_buf_4)
     8    0.05    0.05    0.11    1.71 v fanout23/X (sg13g2_buf_4)
                                         net23 (net)
                  0.05    0.00    1.71 v _2572_/A (sg13g2_nor2b_2)
     1    0.50    2.05    1.49    3.20 ^ _2572_/Y (sg13g2_nor2b_2)
                                         r_rdata_o[31] (net)
                  2.05    0.01    3.21 ^ r_rdata_o[31] (out)
                                  3.21   data arrival time

                         10.00   10.00   max_delay
                         -0.10    9.90   clock uncertainty
                          0.00    9.90   clock reconvergence pessimism
                         -2.00    7.90   output external delay
                                  7.90   data required time
-----------------------------------------------------------------------------
                                  7.90   data required time
                                 -3.21   data arrival time
-----------------------------------------------------------------------------
                                  4.69   slack (MET)



==========================================================================
02_timer_unit.gpl2 report_checks -unconstrained
--------------------------------------------------------------------------
Startpoint: r_valid_o_reg (rising edge-triggered flip-flop clocked by clk_sys)
Endpoint: r_rdata_o[31] (output port clocked by clk_sys)
Path Group: clk_sys
Path Type: max
Corner: tt

Fanout     Cap    Slew   Delay    Time   Description
-----------------------------------------------------------------------------
                  0.20    0.00    0.00 ^ r_valid_o_reg/CLK (sg13g2_dfrbp_2)
     2    0.51    1.04    1.01    1.01 ^ r_valid_o_reg/Q (sg13g2_dfrbp_2)
                                         r_valid_o (net)
                  1.04    0.00    1.01 ^ _2552_/A (sg13g2_nand3_1)
     1    0.00    0.18    0.21    1.22 v _2552_/Y (sg13g2_nand3_1)
                                         _0727_ (net)
                  0.18    0.00    1.22 v _2553_/B (sg13g2_nor2_1)
     1    0.00    0.08    0.09    1.31 ^ _2553_/Y (sg13g2_nor2_1)
                                         _0728_ (net)
                  0.08    0.00    1.31 ^ _2554_/B1 (sg13g2_o21ai_1)
     1    0.00    0.05    0.07    1.38 v _2554_/Y (sg13g2_o21ai_1)
                                         _0729_ (net)
                  0.05    0.00    1.38 v fanout25/A (sg13g2_buf_2)
     5    0.03    0.06    0.11    1.49 v fanout25/X (sg13g2_buf_2)
                                         net25 (net)
                  0.06    0.00    1.49 v fanout24/A (sg13g2_buf_4)
     8    0.05    0.05    0.11    1.60 v fanout24/X (sg13g2_buf_4)
                                         net24 (net)
                  0.05    0.00    1.60 v fanout23/A (sg13g2_buf_4)
     8    0.05    0.05    0.11    1.71 v fanout23/X (sg13g2_buf_4)
                                         net23 (net)
                  0.05    0.00    1.71 v _2572_/A (sg13g2_nor2b_2)
     1    0.50    2.05    1.49    3.20 ^ _2572_/Y (sg13g2_nor2b_2)
                                         r_rdata_o[31] (net)
                  2.05    0.01    3.21 ^ r_rdata_o[31] (out)
                                  3.21   data arrival time

                         10.00   10.00   max_delay
                         -0.10    9.90   clock uncertainty
                          0.00    9.90   clock reconvergence pessimism
                         -2.00    7.90   output external delay
                                  7.90   data required time
-----------------------------------------------------------------------------
                                  7.90   data required time
                                 -3.21   data arrival time
-----------------------------------------------------------------------------
                                  4.69   slack (MET)



==========================================================================
02_timer_unit.gpl2 report_check_types -max_slew -max_cap -max_fanout -violators
--------------------------------------------------------------------------

==========================================================================
02_timer_unit.gpl2 max_slew_check_slack
--------------------------------------------------------------------------
0.44192183017730713

==========================================================================
02_timer_unit.gpl2 max_slew_check_limit
--------------------------------------------------------------------------
2.5074000358581543

==========================================================================
02_timer_unit.gpl2 max_slew_check_slack_limit
--------------------------------------------------------------------------
0.1762

==========================================================================
02_timer_unit.gpl2 max_fanout_check_slack
--------------------------------------------------------------------------
0.0

==========================================================================
02_timer_unit.gpl2 max_fanout_check_limit
--------------------------------------------------------------------------
8.0

==========================================================================
02_timer_unit.gpl2 max_fanout_check_slack_limit
--------------------------------------------------------------------------
0.0000

==========================================================================
02_timer_unit.gpl2 max_capacitance_check_slack
--------------------------------------------------------------------------
-0.2026958018541336

==========================================================================
02_timer_unit.gpl2 max_capacitance_check_limit
--------------------------------------------------------------------------
0.30000001192092896

==========================================================================
02_timer_unit.gpl2 max_capacitance_check_slack_limit
--------------------------------------------------------------------------
-0.6757

==========================================================================
02_timer_unit.gpl2 max_slew_violation_count
--------------------------------------------------------------------------
max slew violation count 0

==========================================================================
02_timer_unit.gpl2 max_fanout_violation_count
--------------------------------------------------------------------------
max fanout violation count 0

==========================================================================
02_timer_unit.gpl2 max_cap_violation_count
--------------------------------------------------------------------------
max cap violation count 1

==========================================================================
02_timer_unit.gpl2 setup_violation_count
--------------------------------------------------------------------------
setup violation count 0

==========================================================================
02_timer_unit.gpl2 hold_violation_count
--------------------------------------------------------------------------
hold violation count 0

==========================================================================
02_timer_unit.gpl2 critical path delay
--------------------------------------------------------------------------
3.2081

==========================================================================
02_timer_unit.gpl2 critical path slack
--------------------------------------------------------------------------
4.6919

==========================================================================
02_timer_unit.gpl2 slack div critical path delay
--------------------------------------------------------------------------
146.251675

==========================================================================
02_timer_unit.gpl2 report_power tt
--------------------------------------------------------------------------
Group                  Internal  Switching    Leakage      Total
                          Power      Power      Power      Power (Watts)
----------------------------------------------------------------
Sequential             1.63e-03   1.06e-04   1.50e-07   1.74e-03  84.7%
Combinational          1.98e-04   1.15e-04   2.04e-07   3.13e-04  15.3%
Clock                  0.00e+00   0.00e+00   0.00e+00   0.00e+00   0.0%
Macro                  0.00e+00   0.00e+00   0.00e+00   0.00e+00   0.0%
Pad                    0.00e+00   0.00e+00   0.00e+00   0.00e+00   0.0%
----------------------------------------------------------------
Total                  1.83e-03   2.21e-04   3.54e-07   2.05e-03 100.0%
                          89.2%      10.7%       0.0%

==========================================================================
02_timer_unit.gpl2 report_design_area
--------------------------------------------------------------------------

==========================================================================
02_timer_unit.gpl2 area by hierarchy
--------------------------------------------------------------------------

--------------------------------------------------------------------------------
Design Area Summary
--------------------------------------------------------------------------------
Die Area:              44100.0 um2
Core Area:             39249.1008 um2
Total Area:            29006.8128 um2
Total Active Area:     29006.8128 um2

Core Utilization:      0.7390440088757396
Std Cell Utilization:  0.7390440088757396

--------------------------------------------------------------------------------
Hierarchical Area Report
--------------------------------------------------------------------------------
                                                                                Global Area (um^2)                                                              Global Instances                                                                Local Area (um^2)                                                               Local Instances
                                                                                ------------------------------------------------------------------------------- ------------------------------------------------------------------------------- ------------------------------------------------------------------------------- ----------------------------------------------------------------------------
Hierarchy Name                                                                  Total           StdCell         Macro           Cover           Pad             Total           StdCell         Macro           Cover           Pad             Total           StdCell         Macro           Cover           Pad             Total           StdCell         Macro           Cover           Pad             
-----------------------------------------------------------------------------------------------------------------------------------------------------------------------------------------------------------------------------------------------------------------------------------------------------------------------------------------------------------------------------------------------------------
<top>                                                                           29006.813       29006.813       0.000           0.000           0.000           1690            1690            0               0               0               29006.813       29006.813       0.000           0.000           0.000           1690            1690            0               0               0               
